
running 1 test

{"case":"factory create_passkey","instructions":2059125,"instructions_pct_of_tx_limit":0.5,"mem_bytes":1089143,"read_entries":10,"write_entries":5,"footprint_entries":15,"write_bytes":1500,"events_bytes":968,"fee_resource_stroops":27766,"fee_rent_stroops":58577507}

{"case":"document","signers":6,"rules":20,"both_policies":6,"signers_per_rule":6,"string_values":91,"canonical_bytes":8192}

{"case":"document","signers":6,"rules":20,"both_policies":6,"signers_per_rule":6,"string_values":91,"canonical_bytes":8192}

{"case":"document","signers":6,"rules":20,"both_policies":6,"signers_per_rule":6,"string_values":88,"canonical_bytes":8192}

{"case":"Protected apply_doc (every key swapped, no condition; the thief renamed every rule) [6 signers, 20 rules, 6 with both policies, 6 per rule]","instructions":214507812,"instructions_pct_of_tx_limit":53.6,"mem_bytes":22491250,"read_entries":132,"write_entries":112,"footprint_entries":244,"write_bytes":50584,"events_bytes":340,"fee_resource_stroops":650097,"fee_rent_stroops":184820676}

{"case":"publish_baseline [6 signers, 20 rules, 6 with both policies, 6 per rule]","instructions":89758074,"instructions_pct_of_tx_limit":22.4,"mem_bytes":1604500,"read_entries":10,"write_entries":1,"footprint_entries":11,"write_bytes":7464,"events_bytes":0,"fee_resource_stroops":73272,"fee_rent_stroops":719909878}

{"case":"begin_compromise [6 signers, 20 rules, 6 with both policies, 6 per rule]","instructions":124311153,"instructions_pct_of_tx_limit":31.1,"mem_bytes":4570020,"read_entries":23,"write_entries":2,"footprint_entries":25,"write_bytes":1888,"events_bytes":248,"fee_resource_stroops":97969,"fee_rent_stroops":21937946}

{"case":"native prove","execute_ms":64,"prove_ms":95,"peak_rss_bytes":49086464}

{"keys_of":"completion","by":"{"16a7bd..Enrollment": 1, "16a7bd..Leaf": 1, "16a7bd..Root": 1, "16a7bd..Tree": 1, "48f830..Program": 26, "9a56b9..Attempt": 1, "9a56b9..Authorized": 1, "9a56b9..Config": 1, "9a56b9..Epoch": 1, "9a56b9..Nullifier": 1, "9e427c..AccountContext": 12, "d00b15..AppliedDocBytes": 1, "d00b15..AppliedFingerprints": 1, "d00b15..ContextRuleData": 41, "d00b15..EnrolledIds": 1, "d00b15..InstalledRules": 1, "d00b15..LedgerKeyContractInstance": 1, "d00b15..PolicyData": 6, "d00b15..PolicyLookup": 3, "d00b15..Revoked": 12, "d00b15..SignerData": 12, "d00b15..SignerLookup": 12}"}

{"case":"completion apply_doc (compromise, Combined, ZK rotation, both key sets revoked; the thief renamed every rule) [6 signers, 20 rules, 6 with both policies, 6 per rule]","instructions":264783879,"instructions_pct_of_tx_limit":66.2,"mem_bytes":27447112,"read_entries":161,"write_entries":147,"footprint_entries":308,"write_bytes":58884,"events_bytes":2700,"fee_resource_stroops":855761,"fee_rent_stroops":428930480}

{"case":"factory create_passkey","instructions":2059125,"instructions_pct_of_tx_limit":0.5,"mem_bytes":1089143,"read_entries":10,"write_entries":5,"footprint_entries":15,"write_bytes":1500,"events_bytes":968,"fee_resource_stroops":27766,"fee_rent_stroops":58577507}

{"case":"document","signers":6,"rules":20,"both_policies":6,"signers_per_rule":6,"string_values":102,"canonical_bytes":8192}

{"case":"document","signers":6,"rules":20,"both_policies":6,"signers_per_rule":6,"string_values":100,"canonical_bytes":8192}

{"case":"native prove","execute_ms":67,"prove_ms":94,"peak_rss_bytes":48873472}

{"case":"Protected reconfiguration apply_doc (Combined: recorded quorum and proof, a new enrollment; every rule replaced) [6 signers, 20 rules, 6 with both policies, 6 per rule]","instructions":257858517,"instructions_pct_of_tx_limit":64.5,"mem_bytes":25602205,"read_entries":149,"write_entries":124,"footprint_entries":273,"write_bytes":54736,"events_bytes":888,"fee_resource_stroops":735421,"fee_rent_stroops":253313306}

{"case":"factory create_passkey","instructions":2059125,"instructions_pct_of_tx_limit":0.5,"mem_bytes":1089143,"read_entries":10,"write_entries":5,"footprint_entries":15,"write_bytes":1500,"events_bytes":968,"fee_resource_stroops":27766,"fee_rent_stroops":58577507}

{"case":"document","signers":6,"rules":20,"both_policies":6,"signers_per_rule":6,"string_values":91,"canonical_bytes":8192}

{"case":"document","signers":6,"rules":20,"both_policies":6,"signers_per_rule":6,"string_values":91,"canonical_bytes":8192}

{"case":"document","signers":6,"rules":20,"both_policies":6,"signers_per_rule":6,"string_values":91,"canonical_bytes":8192}

{"case":"Protected apply_doc (every key swapped, no condition; the thief kept every name but changed every policy) [6 signers, 20 rules, 6 with both policies, 6 per rule]","instructions":234456067,"instructions_pct_of_tx_limit":58.6,"mem_bytes":22909689,"read_entries":124,"write_entries":102,"footprint_entries":226,"write_bytes":50344,"events_bytes":340,"fee_resource_stroops":623226,"fee_rent_stroops":162035483}

{"case":"publish_baseline [6 signers, 20 rules, 6 with both policies, 6 per rule]","instructions":89751201,"instructions_pct_of_tx_limit":22.4,"mem_bytes":1600692,"read_entries":10,"write_entries":1,"footprint_entries":11,"write_bytes":7464,"events_bytes":0,"fee_resource_stroops":73267,"fee_rent_stroops":719909878}

{"case":"begin_compromise [6 signers, 20 rules, 6 with both policies, 6 per rule]","instructions":124126450,"instructions_pct_of_tx_limit":31.0,"mem_bytes":4555876,"read_entries":23,"write_entries":2,"footprint_entries":25,"write_bytes":1888,"events_bytes":248,"fee_resource_stroops":97840,"fee_rent_stroops":21937946}

{"case":"native prove","execute_ms":67,"prove_ms":95,"peak_rss_bytes":49250304}

{"keys_of":"completion","by":"{"16a7bd..Enrollment": 1, "16a7bd..Leaf": 1, "16a7bd..Root": 1, "16a7bd..Tree": 1, "48f830..Program": 26, "9a56b9..Attempt": 1, "9a56b9..Authorized": 1, "9a56b9..Config": 1, "9a56b9..Epoch": 1, "9a56b9..Nullifier": 1, "9e427c..AccountContext": 12, "d00b15..AppliedDocBytes": 1, "d00b15..AppliedFingerprints": 1, "d00b15..ContextRuleData": 35, "d00b15..EnrolledIds": 1, "d00b15..InstalledRules": 1, "d00b15..LedgerKeyContractInstance": 1, "d00b15..PolicyData": 2, "d00b15..PolicyLookup": 1, "d00b15..Revoked": 12, "d00b15..SignerData": 12, "d00b15..SignerLookup": 12}"}

{"case":"completion apply_doc (compromise, Combined, ZK rotation, both key sets revoked; the thief kept every name but changed every policy) [6 signers, 20 rules, 6 with both policies, 6 per rule]","instructions":283138929,"instructions_pct_of_tx_limit":70.8,"mem_bytes":27480343,"read_entries":153,"write_entries":137,"footprint_entries":290,"write_bytes":58612,"events_bytes":2700,"fee_resource_stroops":827748,"fee_rent_stroops":406528523}

{"case":"factory create_passkey","instructions":2059125,"instructions_pct_of_tx_limit":0.5,"mem_bytes":1089143,"read_entries":10,"write_entries":5,"footprint_entries":15,"write_bytes":1500,"events_bytes":968,"fee_resource_stroops":27766,"fee_rent_stroops":58577507}

{"case":"document","signers":6,"rules":18,"both_policies":8,"signers_per_rule":6,"string_values":120,"canonical_bytes":8192}

{"case":"document","signers":6,"rules":18,"both_policies":8,"signers_per_rule":6,"string_values":120,"canonical_bytes":8192}

{"case":"document","signers":6,"rules":18,"both_policies":8,"signers_per_rule":6,"string_values":118,"canonical_bytes":8192}

{"case":"Protected apply_doc (every key swapped, no condition; the thief renamed every rule) [6 signers, 18 rules, 8 with both policies, 6 per rule]","instructions":213675718,"instructions_pct_of_tx_limit":53.4,"mem_bytes":22994922,"read_entries":132,"write_entries":112,"footprint_entries":244,"write_bytes":50472,"events_bytes":340,"fee_resource_stroops":649419,"fee_rent_stroops":188560414}

{"case":"publish_baseline [6 signers, 18 rules, 8 with both policies, 6 per rule]","instructions":91813234,"instructions_pct_of_tx_limit":23.0,"mem_bytes":1632609,"read_entries":10,"write_entries":1,"footprint_entries":11,"write_bytes":7464,"events_bytes":0,"fee_resource_stroops":74711,"fee_rent_stroops":719909878}

{"case":"begin_compromise [6 signers, 18 rules, 8 with both policies, 6 per rule]","instructions":126917771,"instructions_pct_of_tx_limit":31.7,"mem_bytes":4598129,"read_entries":23,"write_entries":2,"footprint_entries":25,"write_bytes":1888,"events_bytes":248,"fee_resource_stroops":99794,"fee_rent_stroops":21937946}

{"case":"native prove","execute_ms":68,"prove_ms":96,"peak_rss_bytes":48840704}

{"keys_of":"completion","by":"{"16a7bd..Enrollment": 1, "16a7bd..Leaf": 1, "16a7bd..Root": 1, "16a7bd..Tree": 1, "48f830..Program": 26, "9a56b9..Attempt": 1, "9a56b9..Authorized": 1, "9a56b9..Config": 1, "9a56b9..Epoch": 1, "9a56b9..Nullifier": 1, "9e427c..AccountContext": 16, "cc5562..AppliedDocBytes": 1, "cc5562..AppliedFingerprints": 1, "cc5562..ContextRuleData": 37, "cc5562..EnrolledIds": 1, "cc5562..InstalledRules": 1, "cc5562..LedgerKeyContractInstance": 1, "cc5562..PolicyData": 6, "cc5562..PolicyLookup": 3, "cc5562..Revoked": 12, "cc5562..SignerData": 12, "cc5562..SignerLookup": 12}"}

{"case":"completion apply_doc (compromise, Combined, ZK rotation, both key sets revoked; the thief renamed every rule) [6 signers, 18 rules, 8 with both policies, 6 per rule]","instructions":264045833,"instructions_pct_of_tx_limit":66.0,"mem_bytes":27958205,"read_entries":161,"write_entries":147,"footprint_entries":308,"write_bytes":58772,"events_bytes":2700,"fee_resource_stroops":855150,"fee_rent_stroops":433367149}

{"case":"factory create_passkey","instructions":2059125,"instructions_pct_of_tx_limit":0.5,"mem_bytes":1089143,"read_entries":10,"write_entries":5,"footprint_entries":15,"write_bytes":1500,"events_bytes":968,"fee_resource_stroops":27766,"fee_rent_stroops":58577507}

{"case":"document","signers":6,"rules":18,"both_policies":8,"signers_per_rule":6,"string_values":131,"canonical_bytes":8192}

{"case":"document","signers":6,"rules":18,"both_policies":8,"signers_per_rule":6,"string_values":129,"canonical_bytes":8192}

{"case":"native prove","execute_ms":70,"prove_ms":96,"peak_rss_bytes":49217536}

{"case":"Protected reconfiguration apply_doc (Combined: recorded quorum and proof, a new enrollment; every rule replaced) [6 signers, 18 rules, 8 with both policies, 6 per rule]","instructions":257107644,"instructions_pct_of_tx_limit":64.3,"mem_bytes":26107126,"read_entries":149,"write_entries":124,"footprint_entries":273,"write_bytes":54624,"events_bytes":888,"fee_resource_stroops":734800,"fee_rent_stroops":257750030}

{"case":"factory create_passkey","instructions":2059125,"instructions_pct_of_tx_limit":0.5,"mem_bytes":1089143,"read_entries":10,"write_entries":5,"footprint_entries":15,"write_bytes":1500,"events_bytes":968,"fee_resource_stroops":27766,"fee_rent_stroops":58577507}

{"case":"document","signers":6,"rules":18,"both_policies":8,"signers_per_rule":6,"string_values":120,"canonical_bytes":8192}

{"case":"document","signers":6,"rules":18,"both_policies":8,"signers_per_rule":6,"string_values":120,"canonical_bytes":8192}

{"case":"document","signers":6,"rules":18,"both_policies":8,"signers_per_rule":6,"string_values":120,"canonical_bytes":8192}

{"case":"Protected apply_doc (every key swapped, no condition; the thief kept every name but changed every policy) [6 signers, 18 rules, 8 with both policies, 6 per rule]","instructions":234468554,"instructions_pct_of_tx_limit":58.6,"mem_bytes":23479788,"read_entries":126,"write_entries":104,"footprint_entries":230,"write_bytes":50232,"events_bytes":340,"fee_resource_stroops":631264,"fee_rent_stroops":172727283}

{"case":"publish_baseline [6 signers, 18 rules, 8 with both policies, 6 per rule]","instructions":91807832,"instructions_pct_of_tx_limit":23.0,"mem_bytes":1629753,"read_entries":10,"write_entries":1,"footprint_entries":11,"write_bytes":7464,"events_bytes":0,"fee_resource_stroops":74707,"fee_rent_stroops":719909878}

{"case":"begin_compromise [6 signers, 18 rules, 8 with both policies, 6 per rule]","instructions":126628091,"instructions_pct_of_tx_limit":31.7,"mem_bytes":4587521,"read_entries":23,"write_entries":2,"footprint_entries":25,"write_bytes":1888,"events_bytes":248,"fee_resource_stroops":99591,"fee_rent_stroops":21937946}

{"case":"native prove","execute_ms":69,"prove_ms":102,"peak_rss_bytes":50987008}

{"keys_of":"completion","by":"{"16a7bd..Enrollment": 1, "16a7bd..Leaf": 1, "16a7bd..Root": 1, "16a7bd..Tree": 1, "48f830..Program": 26, "9a56b9..Attempt": 1, "9a56b9..Authorized": 1, "9a56b9..Config": 1, "9a56b9..Epoch": 1, "9a56b9..Nullifier": 1, "9e427c..AccountContext": 16, "cc5562..AppliedDocBytes": 1, "cc5562..AppliedFingerprints": 1, "cc5562..ContextRuleData": 33, "cc5562..EnrolledIds": 1, "cc5562..InstalledRules": 1, "cc5562..LedgerKeyContractInstance": 1, "cc5562..PolicyData": 2, "cc5562..PolicyLookup": 1, "cc5562..Revoked": 12, "cc5562..SignerData": 12, "cc5562..SignerLookup": 12}"}

{"case":"completion apply_doc (compromise, Combined, ZK rotation, both key sets revoked; the thief kept every name but changed every policy) [6 signers, 18 rules, 8 with both policies, 6 per rule]","instructions":283830186,"instructions_pct_of_tx_limit":71.0,"mem_bytes":28150174,"read_entries":155,"write_entries":139,"footprint_entries":294,"write_bytes":58500,"events_bytes":2700,"fee_resource_stroops":836262,"fee_rent_stroops":417220268}

{"case":"factory create_passkey","instructions":2059125,"instructions_pct_of_tx_limit":0.5,"mem_bytes":1089143,"read_entries":10,"write_entries":5,"footprint_entries":15,"write_bytes":1500,"events_bytes":968,"fee_resource_stroops":27766,"fee_rent_stroops":58577507}

{"case":"document","signers":6,"rules":22,"both_policies":4,"signers_per_rule":6,"string_values":61,"canonical_bytes":8192}

{"case":"document","signers":6,"rules":22,"both_policies":4,"signers_per_rule":6,"string_values":61,"canonical_bytes":8192}

{"case":"document","signers":6,"rules":22,"both_policies":4,"signers_per_rule":6,"string_values":59,"canonical_bytes":8192}

{"case":"Protected apply_doc (every key swapped, no condition; the thief renamed every rule) [6 signers, 22 rules, 4 with both policies, 6 per rule]","instructions":215506382,"instructions_pct_of_tx_limit":53.9,"mem_bytes":21998137,"read_entries":132,"write_entries":112,"footprint_entries":244,"write_bytes":50696,"events_bytes":340,"fee_resource_stroops":650892,"fee_rent_stroops":179609806}

{"case":"publish_baseline [6 signers, 22 rules, 4 with both policies, 6 per rule]","instructions":87182771,"instructions_pct_of_tx_limit":21.8,"mem_bytes":1582418,"read_entries":10,"write_entries":1,"footprint_entries":11,"write_bytes":7464,"events_bytes":0,"fee_resource_stroops":71469,"fee_rent_stroops":719909878}

{"case":"begin_compromise [6 signers, 22 rules, 4 with both policies, 6 per rule]","instructions":121607530,"instructions_pct_of_tx_limit":30.4,"mem_bytes":4547938,"read_entries":23,"write_entries":2,"footprint_entries":25,"write_bytes":1888,"events_bytes":248,"fee_resource_stroops":96077,"fee_rent_stroops":21937946}

{"case":"native prove","execute_ms":69,"prove_ms":97,"peak_rss_bytes":49463296}

{"keys_of":"completion","by":"{"16a7bd..Enrollment": 1, "16a7bd..Leaf": 1, "16a7bd..Root": 1, "16a7bd..Tree": 1, "48f830..Program": 26, "9a56b9..Attempt": 1, "9a56b9..Authorized": 1, "9a56b9..Config": 1, "9a56b9..Epoch": 1, "9a56b9..Nullifier": 1, "9e427c..AccountContext": 8, "b6c0e4..AppliedDocBytes": 1, "b6c0e4..AppliedFingerprints": 1, "b6c0e4..ContextRuleData": 45, "b6c0e4..EnrolledIds": 1, "b6c0e4..InstalledRules": 1, "b6c0e4..LedgerKeyContractInstance": 1, "b6c0e4..PolicyData": 6, "b6c0e4..PolicyLookup": 3, "b6c0e4..Revoked": 12, "b6c0e4..SignerData": 12, "b6c0e4..SignerLookup": 12}"}

{"case":"completion apply_doc (compromise, Combined, ZK rotation, both key sets revoked; the thief renamed every rule) [6 signers, 22 rules, 4 with both policies, 6 per rule]","instructions":265693931,"instructions_pct_of_tx_limit":66.4,"mem_bytes":26942276,"read_entries":161,"write_entries":147,"footprint_entries":308,"write_bytes":59004,"events_bytes":2700,"fee_resource_stroops":856501,"fee_rent_stroops":424841035}

{"case":"factory create_passkey","instructions":2059125,"instructions_pct_of_tx_limit":0.5,"mem_bytes":1089143,"read_entries":10,"write_entries":5,"footprint_entries":15,"write_bytes":1500,"events_bytes":968,"fee_resource_stroops":27766,"fee_rent_stroops":58577507}

{"case":"document","signers":6,"rules":22,"both_policies":4,"signers_per_rule":6,"string_values":73,"canonical_bytes":8192}

{"case":"document","signers":6,"rules":22,"both_policies":4,"signers_per_rule":6,"string_values":70,"canonical_bytes":8192}

{"case":"native prove","execute_ms":69,"prove_ms":95,"peak_rss_bytes":49430528}

{"case":"Protected reconfiguration apply_doc (Combined: recorded quorum and proof, a new enrollment; every rule replaced) [6 signers, 22 rules, 4 with both policies, 6 per rule]","instructions":258740236,"instructions_pct_of_tx_limit":64.7,"mem_bytes":25103493,"read_entries":149,"write_entries":124,"footprint_entries":273,"write_bytes":54848,"events_bytes":888,"fee_resource_stroops":736135,"fee_rent_stroops":249187765}

{"case":"factory create_passkey","instructions":2059125,"instructions_pct_of_tx_limit":0.5,"mem_bytes":1089143,"read_entries":10,"write_entries":5,"footprint_entries":15,"write_bytes":1500,"events_bytes":968,"fee_resource_stroops":27766,"fee_rent_stroops":58577507}

{"case":"document","signers":6,"rules":22,"both_policies":4,"signers_per_rule":6,"string_values":61,"canonical_bytes":8192}

{"case":"document","signers":6,"rules":22,"both_policies":4,"signers_per_rule":6,"string_values":61,"canonical_bytes":8192}

{"case":"document","signers":6,"rules":22,"both_policies":4,"signers_per_rule":6,"string_values":61,"canonical_bytes":8192}

{"case":"Protected apply_doc (every key swapped, no condition; the thief kept every name but changed every policy) [6 signers, 22 rules, 4 with both policies, 6 per rule]","instructions":234194799,"instructions_pct_of_tx_limit":58.5,"mem_bytes":22343391,"read_entries":122,"write_entries":100,"footprint_entries":222,"write_bytes":50464,"events_bytes":340,"fee_resource_stroops":615020,"fee_rent_stroops":151305103}

{"case":"publish_baseline [6 signers, 22 rules, 4 with both policies, 6 per rule]","instructions":87177774,"instructions_pct_of_tx_limit":21.8,"mem_bytes":1577658,"read_entries":10,"write_entries":1,"footprint_entries":11,"write_bytes":7464,"events_bytes":0,"fee_resource_stroops":71466,"fee_rent_stroops":719909878}

{"case":"begin_compromise [6 signers, 22 rules, 4 with both policies, 6 per rule]","instructions":121455419,"instructions_pct_of_tx_limit":30.4,"mem_bytes":4530258,"read_entries":23,"write_entries":2,"footprint_entries":25,"write_bytes":1888,"events_bytes":248,"fee_resource_stroops":95970,"fee_rent_stroops":21937946}

{"case":"native prove","execute_ms":71,"prove_ms":98,"peak_rss_bytes":48889856}

{"keys_of":"completion","by":"{"16a7bd..Enrollment": 1, "16a7bd..Leaf": 1, "16a7bd..Root": 1, "16a7bd..Tree": 1, "48f830..Program": 26, "9a56b9..Attempt": 1, "9a56b9..Authorized": 1, "9a56b9..Config": 1, "9a56b9..Epoch": 1, "9a56b9..Nullifier": 1, "9e427c..AccountContext": 8, "b6c0e4..AppliedDocBytes": 1, "b6c0e4..AppliedFingerprints": 1, "b6c0e4..ContextRuleData": 37, "b6c0e4..EnrolledIds": 1, "b6c0e4..InstalledRules": 1, "b6c0e4..LedgerKeyContractInstance": 1, "b6c0e4..PolicyData": 2, "b6c0e4..PolicyLookup": 1, "b6c0e4..Revoked": 12, "b6c0e4..SignerData": 12, "b6c0e4..SignerLookup": 12}"}

{"case":"completion apply_doc (compromise, Combined, ZK rotation, both key sets revoked; the thief kept every name but changed every policy) [6 signers, 22 rules, 4 with both policies, 6 per rule]","instructions":282692373,"instructions_pct_of_tx_limit":70.7,"mem_bytes":26815945,"read_entries":151,"write_entries":135,"footprint_entries":286,"write_bytes":58732,"events_bytes":2700,"fee_resource_stroops":819412,"fee_rent_stroops":395798200}
.
test result: ok. 1 passed; 0 failed; 0 ignored; 0 measured; 13 filtered out; finished in 31.01s

