
running 1 test

{"case":"factory create_passkey","instructions":2059125,"instructions_pct_of_tx_limit":0.5,"mem_bytes":1089143,"read_entries":10,"write_entries":5,"footprint_entries":15,"write_bytes":1500,"events_bytes":968,"fee_resource_stroops":27766,"fee_rent_stroops":58577507}

{"case":"document","signers":6,"rules":13,"both_policies":11,"signers_per_rule":6,"string_values":218,"canonical_bytes":8192}

{"case":"document","signers":6,"rules":13,"both_policies":11,"signers_per_rule":6,"string_values":218,"canonical_bytes":8192}

{"case":"document","signers":6,"rules":13,"both_policies":11,"signers_per_rule":6,"string_values":218,"canonical_bytes":8192}

{"case":"Protected apply_doc (every key swapped, no condition; the thief kept every rule) [6 signers, 13 rules, 11 with both policies, 6 per rule]","instructions":207500101,"instructions_pct_of_tx_limit":51.9,"mem_bytes":10003775,"read_entries":58,"write_entries":42,"footprint_entries":100,"write_bytes":35312,"events_bytes":340,"fee_resource_stroops":347732,"fee_rent_stroops":26074677}

{"case":"publish_baseline [6 signers, 13 rules, 11 with both policies, 6 per rule]","instructions":97443332,"instructions_pct_of_tx_limit":24.4,"mem_bytes":1751058,"read_entries":10,"write_entries":1,"footprint_entries":11,"write_bytes":7464,"events_bytes":0,"fee_resource_stroops":78652,"fee_rent_stroops":719909878}

{"case":"begin_compromise [6 signers, 13 rules, 11 with both policies, 6 per rule]","instructions":132924696,"instructions_pct_of_tx_limit":33.2,"mem_bytes":4661022,"read_entries":23,"write_entries":2,"footprint_entries":25,"write_bytes":1888,"events_bytes":248,"fee_resource_stroops":103999,"fee_rent_stroops":21937946}

{"case":"native prove","execute_ms":73,"prove_ms":108,"peak_rss_bytes":50364416}

{"keys_of":"completion","by":"{"16a7bd..Enrollment": 1, "16a7bd..Leaf": 1, "16a7bd..Root": 1, "16a7bd..Tree": 1, "9a56b9..Attempt": 1, "9a56b9..Authorized": 1, "9a56b9..Config": 1, "9a56b9..Epoch": 1, "9a56b9..Nullifier": 1, "d00b15..AppliedDocBytes": 1, "d00b15..AppliedFingerprints": 1, "d00b15..ContextRuleData": 15, "d00b15..EnrolledIds": 1, "d00b15..InstalledRules": 1, "d00b15..LedgerKeyContractInstance": 1, "d00b15..PolicyData": 2, "d00b15..PolicyLookup": 1, "d00b15..Revoked": 12, "d00b15..SignerData": 12, "d00b15..SignerLookup": 12}"}

{"case":"completion apply_doc (compromise, Combined, ZK rotation, both key sets revoked; the thief kept every rule) [6 signers, 13 rules, 11 with both policies, 6 per rule]","instructions":249919419,"instructions_pct_of_tx_limit":62.5,"mem_bytes":12924712,"read_entries":87,"write_entries":75,"footprint_entries":162,"write_bytes":43372,"events_bytes":2700,"fee_resource_stroops":536349,"fee_rent_stroops":268556157}

{"case":"factory create_passkey","instructions":2059125,"instructions_pct_of_tx_limit":0.5,"mem_bytes":1089143,"read_entries":10,"write_entries":5,"footprint_entries":15,"write_bytes":1500,"events_bytes":968,"fee_resource_stroops":27766,"fee_rent_stroops":58577507}

{"case":"document","signers":6,"rules":13,"both_policies":11,"signers_per_rule":6,"string_values":218,"canonical_bytes":8192}

{"case":"document","signers":6,"rules":13,"both_policies":11,"signers_per_rule":6,"string_values":218,"canonical_bytes":8192}

{"case":"document","signers":6,"rules":13,"both_policies":11,"signers_per_rule":6,"string_values":217,"canonical_bytes":8192}

{"case":"Protected apply_doc (every key swapped, no condition; the thief renamed every rule) [6 signers, 13 rules, 11 with both policies, 6 per rule]","instructions":205357553,"instructions_pct_of_tx_limit":51.3,"mem_bytes":22373544,"read_entries":126,"write_entries":106,"footprint_entries":232,"write_bytes":48280,"events_bytes":340,"fee_resource_stroops":617345,"fee_rent_stroops":192642293}

{"case":"publish_baseline [6 signers, 13 rules, 11 with both policies, 6 per rule]","instructions":97474323,"instructions_pct_of_tx_limit":24.4,"mem_bytes":1768670,"read_entries":10,"write_entries":1,"footprint_entries":11,"write_bytes":7464,"events_bytes":0,"fee_resource_stroops":78674,"fee_rent_stroops":719909878}

{"case":"begin_compromise [6 signers, 13 rules, 11 with both policies, 6 per rule]","instructions":132868070,"instructions_pct_of_tx_limit":33.2,"mem_bytes":4726438,"read_entries":23,"write_entries":2,"footprint_entries":25,"write_bytes":1888,"events_bytes":248,"fee_resource_stroops":103959,"fee_rent_stroops":21937946}

{"case":"native prove","execute_ms":75,"prove_ms":107,"peak_rss_bytes":50823168}

{"keys_of":"completion","by":"{"16a7bd..Enrollment": 1, "16a7bd..Leaf": 1, "16a7bd..Root": 1, "16a7bd..Tree": 1, "48f830..Program": 24, "9a56b9..Attempt": 1, "9a56b9..Authorized": 1, "9a56b9..Config": 1, "9a56b9..Epoch": 1, "9a56b9..Nullifier": 1, "9e427c..AccountContext": 22, "d00b15..AppliedDocBytes": 1, "d00b15..AppliedFingerprints": 1, "d00b15..ContextRuleData": 27, "d00b15..EnrolledIds": 1, "d00b15..InstalledRules": 1, "d00b15..LedgerKeyContractInstance": 1, "d00b15..PolicyData": 6, "d00b15..PolicyLookup": 3, "d00b15..Revoked": 12, "d00b15..SignerData": 12, "d00b15..SignerLookup": 12}"}

{"case":"completion apply_doc (compromise, Combined, ZK rotation, both key sets revoked; the thief renamed every rule) [6 signers, 13 rules, 11 with both policies, 6 per rule]","instructions":254699058,"instructions_pct_of_tx_limit":63.7,"mem_bytes":27087079,"read_entries":155,"write_entries":141,"footprint_entries":296,"write_bytes":56572,"events_bytes":2700,"fee_resource_stroops":822349,"fee_rent_stroops":437718838}
.
test result: ok. 1 passed; 0 failed; 0 ignored; 0 measured; 13 filtered out; finished in 8.39s

